Archive member included to satisfy reference by file (symbol)

/Applications/STM32CubeIDE.app/Contents/Eclipse/plugins/com.st.stm32cube.ide.mcu.externaltools.gnu-tools-for-stm32.10.3-2021.10.macos64_1.0.100.202210260954/tools/bin/../lib/gcc/arm-none-eabi/10.3.1/../../../../arm-none-eabi/lib/thumb/v7e-m+fp/hard/libc_nano.a(lib_a-errno.o)
                              ./Core/Src/syscalls.o (__errno)
/Applications/STM32CubeIDE.app/Contents/Eclipse/plugins/com.st.stm32cube.ide.mcu.externaltools.gnu-tools-for-stm32.10.3-2021.10.macos64_1.0.100.202210260954/tools/bin/../lib/gcc/arm-none-eabi/10.3.1/../../../../arm-none-eabi/lib/thumb/v7e-m+fp/hard/libc_nano.a(lib_a-exit.o)
                              /Applications/STM32CubeIDE.app/Contents/Eclipse/plugins/com.st.stm32cube.ide.mcu.externaltools.gnu-tools-for-stm32.10.3-2021.10.macos64_1.0.100.202210260954/tools/bin/../lib/gcc/arm-none-eabi/10.3.1/../../../../arm-none-eabi/lib/thumb/v7e-m+fp/hard/crt0.o (exit)
/Applications/STM32CubeIDE.app/Contents/Eclipse/plugins/com.st.stm32cube.ide.mcu.externaltools.gnu-tools-for-stm32.10.3-2021.10.macos64_1.0.100.202210260954/tools/bin/../lib/gcc/arm-none-eabi/10.3.1/../../../../arm-none-eabi/lib/thumb/v7e-m+fp/hard/libc_nano.a(lib_a-impure.o)
                              /Applications/STM32CubeIDE.app/Contents/Eclipse/plugins/com.st.stm32cube.ide.mcu.externaltools.gnu-tools-for-stm32.10.3-2021.10.macos64_1.0.100.202210260954/tools/bin/../lib/gcc/arm-none-eabi/10.3.1/../../../../arm-none-eabi/lib/thumb/v7e-m+fp/hard/libc_nano.a(lib_a-exit.o) (_global_impure_ptr)
/Applications/STM32CubeIDE.app/Contents/Eclipse/plugins/com.st.stm32cube.ide.mcu.externaltools.gnu-tools-for-stm32.10.3-2021.10.macos64_1.0.100.202210260954/tools/bin/../lib/gcc/arm-none-eabi/10.3.1/../../../../arm-none-eabi/lib/thumb/v7e-m+fp/hard/libc_nano.a(lib_a-init.o)
                              /Applications/STM32CubeIDE.app/Contents/Eclipse/plugins/com.st.stm32cube.ide.mcu.externaltools.gnu-tools-for-stm32.10.3-2021.10.macos64_1.0.100.202210260954/tools/bin/../lib/gcc/arm-none-eabi/10.3.1/../../../../arm-none-eabi/lib/thumb/v7e-m+fp/hard/crt0.o (__libc_init_array)
/Applications/STM32CubeIDE.app/Contents/Eclipse/plugins/com.st.stm32cube.ide.mcu.externaltools.gnu-tools-for-stm32.10.3-2021.10.macos64_1.0.100.202210260954/tools/bin/../lib/gcc/arm-none-eabi/10.3.1/../../../../arm-none-eabi/lib/thumb/v7e-m+fp/hard/libc_nano.a(lib_a-memset.o)
                              /Applications/STM32CubeIDE.app/Contents/Eclipse/plugins/com.st.stm32cube.ide.mcu.externaltools.gnu-tools-for-stm32.10.3-2021.10.macos64_1.0.100.202210260954/tools/bin/../lib/gcc/arm-none-eabi/10.3.1/../../../../arm-none-eabi/lib/thumb/v7e-m+fp/hard/crt0.o (memset)
/Applications/STM32CubeIDE.app/Contents/Eclipse/plugins/com.st.stm32cube.ide.mcu.externaltools.gnu-tools-for-stm32.10.3-2021.10.macos64_1.0.100.202210260954/tools/bin/../lib/gcc/arm-none-eabi/10.3.1/thumb/v7e-m+fp/hard/libgcc.a(_arm_muldf3.o)
                              ./Core/Src/main.o (__aeabi_dmul)
/Applications/STM32CubeIDE.app/Contents/Eclipse/plugins/com.st.stm32cube.ide.mcu.externaltools.gnu-tools-for-stm32.10.3-2021.10.macos64_1.0.100.202210260954/tools/bin/../lib/gcc/arm-none-eabi/10.3.1/thumb/v7e-m+fp/hard/libgcc.a(_arm_addsubdf3.o)
                              ./Core/Src/main.o (__aeabi_ui2d)
/Applications/STM32CubeIDE.app/Contents/Eclipse/plugins/com.st.stm32cube.ide.mcu.externaltools.gnu-tools-for-stm32.10.3-2021.10.macos64_1.0.100.202210260954/tools/bin/../lib/gcc/arm-none-eabi/10.3.1/thumb/v7e-m+fp/hard/libgcc.a(_arm_fixunsdfsi.o)
                              ./Core/Src/main.o (__aeabi_d2uiz)
/Applications/STM32CubeIDE.app/Contents/Eclipse/plugins/com.st.stm32cube.ide.mcu.externaltools.gnu-tools-for-stm32.10.3-2021.10.macos64_1.0.100.202210260954/tools/bin/../lib/gcc/arm-none-eabi/10.3.1/thumb/v7e-m+fp/hard/libgcc.a(_aeabi_uldivmod.o)
                              ./Drivers/STM32F4xx_HAL_Driver/Src/stm32f4xx_hal_rcc.o (__aeabi_uldivmod)
/Applications/STM32CubeIDE.app/Contents/Eclipse/plugins/com.st.stm32cube.ide.mcu.externaltools.gnu-tools-for-stm32.10.3-2021.10.macos64_1.0.100.202210260954/tools/bin/../lib/gcc/arm-none-eabi/10.3.1/thumb/v7e-m+fp/hard/libgcc.a(_udivmoddi4.o)
                              /Applications/STM32CubeIDE.app/Contents/Eclipse/plugins/com.st.stm32cube.ide.mcu.externaltools.gnu-tools-for-stm32.10.3-2021.10.macos64_1.0.100.202210260954/tools/bin/../lib/gcc/arm-none-eabi/10.3.1/thumb/v7e-m+fp/hard/libgcc.a(_aeabi_uldivmod.o) (__udivmoddi4)
/Applications/STM32CubeIDE.app/Contents/Eclipse/plugins/com.st.stm32cube.ide.mcu.externaltools.gnu-tools-for-stm32.10.3-2021.10.macos64_1.0.100.202210260954/tools/bin/../lib/gcc/arm-none-eabi/10.3.1/thumb/v7e-m+fp/hard/libgcc.a(_dvmd_tls.o)
[...]
Memory Configuration

Name             Origin             Length             Attributes
RAM              0x0000000020000000 0x0000000000018000 xrw
FLASH            0x0000000008000000 0x0000000000080000 xr
*default*        0x0000000000000000 0xffffffffffffffff

Linker script and memory map

LOAD /Applications/STM32CubeIDE.app/Contents/Eclipse/plugins/com.st.stm32cube.ide.mcu.externaltools.gnu-tools-for-stm32.10.3-2021.10.macos64_1.0.100.202210260954/tools/bin/../lib/gcc/arm-none-eabi/10.3.1/thumb/v7e-m+fp/hard/crti.o
LOAD /Applications/STM32CubeIDE.app/Contents/Eclipse/plugins/com.st.stm32cube.ide.mcu.externaltools.gnu-tools-for-stm32.10.3-2021.10.macos64_1.0.100.202210260954/tools/bin/../lib/gcc/arm-none-eabi/10.3.1/thumb/v7e-m+fp/hard/crtbegin.o
LOAD /Applications/STM32CubeIDE.app/Contents/Eclipse/plugins/com.st.stm32cube.ide.mcu.externaltools.gnu-tools-for-stm32.10.3-2021.10.macos64_1.0.100.202210260954/tools/bin/../lib/gcc/arm-none-eabi/10.3.1/../../../../arm-none-eabi/lib/thumb/v7e-m+fp/hard/crt0.o
LOAD ./Core/Src/fatfs_sd.o
LOAD ./Core/Src/main.o
LOAD ./Core/Src/stm32f4xx_hal_msp.o
LOAD ./Core/Src/stm32f4xx_it.o
LOAD ./Core/Src/syscalls.o
LOAD ./Core/Src/sysmem.o
LOAD ./Core/Src/system_stm32f4xx.o
LOAD ./Core/Startup/startup_stm32f401retx.o
LOAD ./Drivers/STM32F4xx_HAL_Driver/Src/stm32f4xx_hal.o
LOAD ./Drivers/STM32F4xx_HAL_Driver/Src/stm32f4xx_hal_cortex.o
LOAD ./Drivers/STM32F4xx_HAL_Driver/Src/stm32f4xx_hal_dma.o
LOAD ./Drivers/STM32F4xx_HAL_Driver/Src/stm32f4xx_hal_dma_ex.o
LOAD ./Drivers/STM32F4xx_HAL_Driver/Src/stm32f4xx_hal_exti.o
LOAD ./Drivers/STM32F4xx_HAL_Driver/Src/stm32f4xx_hal_flash.o
LOAD ./Drivers/STM32F4xx_HAL_Driver/Src/stm32f4xx_hal_flash_ex.o
LOAD ./Drivers/STM32F4xx_HAL_Driver/Src/stm32f4xx_hal_flash_ramfunc.o
LOAD ./Drivers/STM32F4xx_HAL_Driver/Src/stm32f4xx_hal_gpio.o
LOAD ./Drivers/STM32F4xx_HAL_Driver/Src/stm32f4xx_hal_pwr.o
LOAD ./Drivers/STM32F4xx_HAL_Driver/Src/stm32f4xx_hal_pwr_ex.o
LOAD ./Drivers/STM32F4xx_HAL_Driver/Src/stm32f4xx_hal_rcc.o
LOAD ./Drivers/STM32F4xx_HAL_Driver/Src/stm32f4xx_hal_rcc_ex.o
LOAD ./Drivers/STM32F4xx_HAL_Driver/Src/stm32f4xx_hal_spi.o
LOAD ./FATFS/App/fatfs.o
LOAD ./FATFS/Target/user_diskio.o
LOAD ./Middlewares/Third_Party/FatFs/src/diskio.o
LOAD ./Middlewares/Third_Party/FatFs/src/ff.o
LOAD ./Middlewares/Third_Party/FatFs/src/ff_gen_drv.o
LOAD ./Middlewares/Third_Party/FatFs/src/option/ccsbcs.o
LOAD ./Middlewares/Third_Party/FatFs/src/option/syscall.o
START GROUP
LOAD /Applications/STM32CubeIDE.app/Contents/Eclipse/plugins/com.st.stm32cube.ide.mcu.externaltools.gnu-tools-for-stm32.10.3-2021.10.macos64_1.0.100.202210260954/tools/bin/../lib/gcc/arm-none-eabi/10.3.1/../../../../arm-none-eabi/lib/thumb/v7e-m+fp/hard/libc_nano.a
LOAD /Applications/STM32CubeIDE.app/Contents/Eclipse/plugins/com.st.stm32cube.ide.mcu.externaltools.gnu-tools-for-stm32.10.3-2021.10.macos64_1.0.100.202210260954/tools/bin/../lib/gcc/arm-none-eabi/10.3.1/../../../../arm-none-eabi/lib/thumb/v7e-m+fp/hard/libm.a
END GROUP
START GROUP
LOAD /Applications/STM32CubeIDE.app/Contents/Eclipse/plugins/com.st.stm32cube.ide.mcu.externaltools.gnu-tools-for-stm32.10.3-2021.10.macos64_1.0.100.202210260954/tools/bin/../lib/gcc/arm-none-eabi/10.3.1/thumb/v7e-m+fp/hard/libgcc.a
LOAD /Applications/STM32CubeIDE.app/Contents/Eclipse/plugins/com.st.stm32cube.ide.mcu.externaltools.gnu-tools-for-stm32.10.3-2021.10.macos64_1.0.100.202210260954/tools/bin/../lib/gcc/arm-none-eabi/10.3.1/../../../../arm-none-eabi/lib/thumb/v7e-m+fp/hard/libc_nano.a
END GROUP
START GROUP
LOAD /Applications/STM32CubeIDE.app/Contents/Eclipse/plugins/com.st.stm32cube.ide.mcu.externaltools.gnu-tools-for-stm32.10.3-2021.10.macos64_1.0.100.202210260954/tools/bin/../lib/gcc/arm-none-eabi/10.3.1/thumb/v7e-m+fp/hard/libgcc.a
LOAD /Applications/STM32CubeIDE.app/Contents/Eclipse/plugins/com.st.stm32cube.ide.mcu.externaltools.gnu-tools-for-stm32.10.3-2021.10.macos64_1.0.100.202210260954/tools/bin/../lib/gcc/arm-none-eabi/10.3.1/../../../../arm-none-eabi/lib/thumb/v7e-m+fp/hard/libc_nano.a
LOAD /Applications/STM32CubeIDE.app/Contents/Eclipse/plugins/com.st.stm32cube.ide.mcu.externaltools.gnu-tools-for-stm32.10.3-2021.10.macos64_1.0.100.202210260954/tools/bin/../lib/gcc/arm-none-eabi/10.3.1/../../../../arm-none-eabi/lib/thumb/v7e-m+fp/hard/libnosys.a
END GROUP
START GROUP
LOAD /Applications/STM32CubeIDE.app/Contents/Eclipse/plugins/com.st.stm32cube.ide.mcu.externaltools.gnu-tools-for-stm32.10.3-2021.10.macos64_1.0.100.202210260954/tools/bin/../lib/gcc/arm-none-eabi/10.3.1/thumb/v7e-m+fp/hard/libgcc.a
LOAD /Applications/STM32CubeIDE.app/Contents/Eclipse/plugins/com.st.stm32cube.ide.mcu.externaltools.gnu-tools-for-stm32.10.3-2021.10.macos64_1.0.100.202210260954/tools/bin/../lib/gcc/arm-none-eabi/10.3.1/../../../../arm-none-eabi/lib/thumb/v7e-m+fp/hard/libc_nano.a
LOAD /Applications/STM32CubeIDE.app/Contents/Eclipse/plugins/com.st.stm32cube.ide.mcu.externaltools.gnu-tools-for-stm32.10.3-2021.10.macos64_1.0.100.202210260954/tools/bin/../lib/gcc/arm-none-eabi/10.3.1/../../../../arm-none-eabi/lib/thumb/v7e-m+fp/hard/libnosys.a
END GROUP
LOAD /Applications/STM32CubeIDE.app/Contents/Eclipse/plugins/com.st.stm32cube.ide.mcu.externaltools.gnu-tools-for-stm32.10.3-2021.10.macos64_1.0.100.202210260954/tools/bin/../lib/gcc/arm-none-eabi/10.3.1/thumb/v7e-m+fp/hard/crtend.o
LOAD /Applications/STM32CubeIDE.app/Contents/Eclipse/plugins/com.st.stm32cube.ide.mcu.externaltools.gnu-tools-for-stm32.10.3-2021.10.macos64_1.0.100.202210260954/tools/bin/../lib/gcc/arm-none-eabi/10.3.1/thumb/v7e-m+fp/hard/crtn.o
                0x0000000020018000                _estack = (ORIGIN (RAM) + LENGTH (RAM))
                0x0000000000000200                _Min_Heap_Size = 0x200
                0x0000000000000400                _Min_Stack_Size = 0x400

.isr_vector     0x0000000008000000      0x194
                0x0000000008000000                . = ALIGN (0x4)
 *(.isr_vector)
 .isr_vector    0x0000000008000000      0x194 ./Core/Startup/startup_stm32f401retx.o
                0x0000000008000000                g_pfnVectors
                0x0000000008000194                . = ALIGN (0x4)

.text           0x0000000008000194     0x61b4
                0x0000000008000194                . = ALIGN (0x4)
 *(.text)
 .text          0x0000000008000194       0x40 /Applications/STM32CubeIDE.app/Contents/Eclipse/plugins/com.st.stm32cube.ide.mcu.externaltools.gnu-tools-for-stm32.10.3-2021.10.macos64_1.0.100.202210260954/tools/bin/../lib/gcc/arm-none-eabi/10.3.1/thumb/v7e-m+fp/hard/crtbegin.o
 .text          0x00000000080001d4      0x254 /Applications/STM32CubeIDE.app/Contents/Eclipse/plugins/com.st.stm32cube.ide.mcu.externaltools.gnu-tools-for-stm32.10.3-2021.10.macos64_1.0.100.202210260954/tools/bin/../lib/gcc/arm-none-eabi/10.3.1/thumb/v7e-m+fp/hard/libgcc.a(_arm_muldf3.o)
                0x00000000080001d4                __aeabi_dmul
                0x00000000080001d4                __muldf3
 .text          0x0000000008000428      0x378 /Applications/STM32CubeIDE.app/Contents/Eclipse/plugins/com.st.stm32cube.ide.mcu.externaltools.gnu-tools-for-stm32.10.3-2021.10.macos64_1.0.100.202210260954/tools/bin/../lib/gcc/arm-none-eabi/10.3.1/thumb/v7e-m+fp/hard/libgcc.a(_arm_addsubdf3.o)
                0x0000000008000428                __aeabi_drsub
                0x0000000008000430                __subdf3
                0x0000000008000430                __aeabi_dsub
                0x0000000008000434                __aeabi_dadd
                0x0000000008000434                __adddf3
                0x00000000080006ac                __aeabi_ui2d
                0x00000000080006ac                __floatunsidf
                0x00000000080006cc                __floatsidf
                0x00000000080006cc                __aeabi_i2d
                0x00000000080006f0                __extendsfdf2
                0x00000000080006f0                __aeabi_f2d
                0x0000000008000734                __aeabi_ul2d
                0x0000000008000734                __floatundidf
                0x0000000008000744                __aeabi_l2d
                0x0000000008000744                __floatdidf
 .text          0x00000000080007a0       0x40 /Applications/STM32CubeIDE.app/Contents/Eclipse/plugins/com.st.stm32cube.ide.mcu.externaltools.gnu-tools-for-stm32.10.3-2021.10.macos64_1.0.100.202210260954/tools/bin/../lib/gcc/arm-none-eabi/10.3.1/thumb/v7e-m+fp/hard/libgcc.a(_arm_fixunsdfsi.o)
                0x00000000080007a0                __fixunsdfsi
                0x00000000080007a0                __aeabi_d2uiz
 .text          0x00000000080007e0       0x30 /Applications/STM32CubeIDE.app/Contents/Eclipse/plugins/com.st.stm32cube.ide.mcu.externaltools.gnu-tools-for-stm32.10.3-2021.10.macos64_1.0.100.202210260954/tools/bin/../lib/gcc/arm-none-eabi/10.3.1/thumb/v7e-m+fp/hard/libgcc.a(_aeabi_uldivmod.o)
                0x00000000080007e0                __aeabi_uldivmod
 .text          0x0000000008000810      0x2d0 /Applications/STM32CubeIDE.app/Contents/Eclipse/plugins/com.st.stm32cube.ide.mcu.externaltools.gnu-tools-for-stm32.10.3-2021.10.macos64_1.0.100.202210260954/tools/bin/../lib/gcc/arm-none-eabi/10.3.1/thumb/v7e-m+fp/hard/libgcc.a(_udivmoddi4.o)
                0x0000000008000810                __udivmoddi4
 .text          0x0000000008000ae0        0x4 /Applications/STM32CubeIDE.app/Contents/Eclipse/plugins/com.st.stm32cube.ide.mcu.externaltools.gnu-tools-for-stm32.10.3-2021.10.macos64_1.0.100.202210260954/tools/bin/../lib/gcc/arm-none-eabi/10.3.1/thumb/v7e-m+fp/hard/libgcc.a(_dvmd_tls.o)
                0x0000000008000ae0                __aeabi_ldiv0
                0x0000000008000ae0                __aeabi_idiv0
 *(.text*)
 .text.SELECT   0x0000000008000ae4       0x18 ./Core/Src/fatfs_sd.o
 .text.DESELECT
                0x0000000008000afc       0x18 ./Core/Src/fatfs_sd.o
 .text.SPI_TxByte
                0x0000000008000b14       0x34 ./Core/Src/fatfs_sd.o
 .text.SPI_RxByte
                0x0000000008000b48       0x3c ./Core/Src/fatfs_sd.o
 .text.SPI_RxBytePtr
                0x0000000008000b84       0x1c ./Core/Src/fatfs_sd.o
 .text.SD_ReadyWait
                0x0000000008000ba0       0x38 ./Core/Src/fatfs_sd.o
 .text.SD_PowerOn
                0x0000000008000bd8       0x98 ./Core/Src/fatfs_sd.o
 .text.SD_PowerOff
                0x0000000008000c70       0x18 ./Core/Src/fatfs_sd.o
 .text.SD_CheckPower
                0x0000000008000c88       0x18 ./Core/Src/fatfs_sd.o
 .text.SD_RxDataBlock
                0x0000000008000ca0       0x6c ./Core/Src/fatfs_sd.o
 .text.SD_TxDataBlock
                0x0000000008000d0c       0xa8 ./Core/Src/fatfs_sd.o
 .text.SD_SendCmd
                0x0000000008000db4       0xa4 ./Core/Src/fatfs_sd.o
 .text.SD_disk_initialize
                0x0000000008000e58      0x1d4 ./Core/Src/fatfs_sd.o
                0x0000000008000e58                SD_disk_initialize
 .text.SD_disk_status
                0x000000000800102c       0x2c ./Core/Src/fatfs_sd.o
                0x000000000800102c                SD_disk_status
 .text.SD_disk_read
                0x0000000008001058       0xd4 ./Core/Src/fatfs_sd.o
                0x0000000008001058                SD_disk_read
 .text.SD_disk_write
                0x000000000800112c      0x108 ./Core/Src/fatfs_sd.o
                0x000000000800112c                SD_disk_write
 .text.SD_disk_ioctl
                0x0000000008001234      0x264 ./Core/Src/fatfs_sd.o
                0x0000000008001234                SD_disk_ioctl
 .text.main     0x0000000008001498      0x100 ./Core/Src/main.o
                0x0000000008001498                main
 .text.SystemClock_Config
                0x0000000008001598       0xd4 ./Core/Src/main.o
                0x0000000008001598                SystemClock_Config
 .text.MX_SPI1_Init
                0x000000000800166c       0x6c ./Core/Src/main.o
 .text.MX_GPIO_Init
                0x00000000080016d8       0x84 ./Core/Src/main.o
 .text.Error_Handler
                0x000000000800175c        0xa ./Core/Src/main.o
                0x000000000800175c                Error_Handler
 *fill*         0x0000000008001766        0x2 
 .text.HAL_MspInit
                0x0000000008001768       0x50 ./Core/Src/stm32f4xx_hal_msp.o
                0x0000000008001768                HAL_MspInit
 .text.HAL_SPI_MspInit
                0x00000000080017b8       0x90 ./Core/Src/stm32f4xx_hal_msp.o
                0x00000000080017b8                HAL_SPI_MspInit
 .text.SDTimer_Handler
                0x0000000008001848       0x48 ./Core/Src/stm32f4xx_it.o
                0x0000000008001848                SDTimer_Handler
 .text.NMI_Handler
                0x0000000008001890        0x6 ./Core/Src/stm32f4xx_it.o
                0x0000000008001890                NMI_Handler
 .text.HardFault_Handler
                0x0000000008001896        0x6 ./Core/Src/stm32f4xx_it.o
                0x0000000008001896                HardFault_Handler
 .text.MemManage_Handler
                0x000000000800189c        0x6 ./Core/Src/stm32f4xx_it.o
                0x000000000800189c                MemManage_Handler
 .text.BusFault_Handler
                0x00000000080018a2        0x6 ./Core/Src/stm32f4xx_it.o
                0x00000000080018a2                BusFault_Handler
 .text.UsageFault_Handler
                0x00000000080018a8        0x6 ./Core/Src/stm32f4xx_it.o
                0x00000000080018a8                UsageFault_Handler
 .text.SVC_Handler
                0x00000000080018ae        0xe ./Core/Src/stm32f4xx_it.o
                0x00000000080018ae                SVC_Handler
 .text.DebugMon_Handler
                0x00000000080018bc        0xe ./Core/Src/stm32f4xx_it.o
                0x00000000080018bc                DebugMon_Handler
 .text.PendSV_Handler
                0x00000000080018ca        0xe ./Core/Src/stm32f4xx_it.o
                0x00000000080018ca                PendSV_Handler
 .text.SysTick_Handler
                0x00000000080018d8       0x34 ./Core/Src/stm32f4xx_it.o
                0x00000000080018d8                SysTick_Handler
 .text.SystemInit
                0x000000000800190c       0x24 ./Core/Src/system_stm32f4xx.o
                0x000000000800190c                SystemInit
 .text.Reset_Handler
                0x0000000008001930       0x50 ./Core/Startup/startup_stm32f401retx.o
                0x0000000008001930                Reset_Handler
 .text.Default_Handler
                0x0000000008001980        0x2 ./Core/Startup/startup_stm32f401retx.o
                0x0000000008001980                DMA1_Stream3_IRQHandler
                0x0000000008001980                EXTI2_IRQHandler
                0x0000000008001980                SPI4_IRQHandler
                0x0000000008001980                TIM1_CC_IRQHandler
                0x0000000008001980                DMA2_Stream5_IRQHandler
                0x0000000008001980                DMA1_Stream5_IRQHandler
                0x0000000008001980                PVD_IRQHandler
                0x0000000008001980                SDIO_IRQHandler
                0x0000000008001980                TAMP_STAMP_IRQHandler
                0x0000000008001980                EXTI3_IRQHandler
                0x0000000008001980                TIM1_UP_TIM10_IRQHandler
                0x0000000008001980                I2C3_ER_IRQHandler
                0x0000000008001980                EXTI0_IRQHandler
                0x0000000008001980                I2C2_EV_IRQHandler
                0x0000000008001980                DMA1_Stream2_IRQHandler
                0x0000000008001980                FPU_IRQHandler
                0x0000000008001980                DMA2_Stream2_IRQHandler
                0x0000000008001980                SPI1_IRQHandler
                0x0000000008001980                TIM1_BRK_TIM9_IRQHandler
                0x0000000008001980                DMA2_Stream3_IRQHandler
                0x0000000008001980                USART6_IRQHandler
                0x0000000008001980                DMA2_Stream0_IRQHandler
                0x0000000008001980                TIM4_IRQHandler
                0x0000000008001980                I2C1_EV_IRQHandler
                0x0000000008001980                DMA1_Stream6_IRQHandler
                0x0000000008001980                DMA1_Stream1_IRQHandler
                0x0000000008001980                TIM3_IRQHandler
                0x0000000008001980                RCC_IRQHandler
                0x0000000008001980                Default_Handler
                0x0000000008001980                EXTI15_10_IRQHandler
                0x0000000008001980                ADC_IRQHandler
                0x0000000008001980                DMA1_Stream7_IRQHandler
                0x0000000008001980                TIM5_IRQHandler
                0x0000000008001980                DMA2_Stream7_IRQHandler
                0x0000000008001980                I2C3_EV_IRQHandler
                0x0000000008001980                EXTI9_5_IRQHandler
                0x0000000008001980                RTC_WKUP_IRQHandler
                0x0000000008001980                SPI2_IRQHandler
                0x0000000008001980                DMA1_Stream0_IRQHandler
                0x0000000008001980                EXTI4_IRQHandler
                0x0000000008001980                WWDG_IRQHandler
                0x0000000008001980                TIM2_IRQHandler
                0x0000000008001980                OTG_FS_WKUP_IRQHandler
                0x0000000008001980                TIM1_TRG_COM_TIM11_IRQHandler
                0x0000000008001980                EXTI1_IRQHandler
                0x0000000008001980                USART2_IRQHandler
                0x0000000008001980                I2C2_ER_IRQHandler
                0x0000000008001980                DMA2_Stream1_IRQHandler
                0x0000000008001980                FLASH_IRQHandler
                0x0000000008001980                DMA2_Stream4_IRQHandler
                0x0000000008001980                USART1_IRQHandler
                0x0000000008001980                OTG_FS_IRQHandler
                0x0000000008001980                SPI3_IRQHandler
                0x0000000008001980                DMA1_Stream4_IRQHandler
                0x0000000008001980                I2C1_ER_IRQHandler
                0x0000000008001980                DMA2_Stream6_IRQHandler
                0x0000000008001980                RTC_Alarm_IRQHandler
 *fill*         0x0000000008001982        0x2 
 .text.HAL_Init
                0x0000000008001984       0x44 ./Drivers/STM32F4xx_HAL_Driver/Src/stm32f4xx_hal.o
                0x0000000008001984                HAL_Init
 .text.HAL_InitTick
                0x00000000080019c8       0x60 ./Drivers/STM32F4xx_HAL_Driver/Src/stm32f4xx_hal.o
                0x00000000080019c8                HAL_InitTick
 .text.HAL_IncTick
                0x0000000008001a28       0x28 ./Drivers/STM32F4xx_HAL_Driver/Src/stm32f4xx_hal.o
                0x0000000008001a28                HAL_IncTick
 .text.HAL_GetTick
                0x0000000008001a50       0x18 ./Drivers/STM32F4xx_HAL_Driver/Src/stm32f4xx_hal.o
                0x0000000008001a50                HAL_GetTick
 .text.__NVIC_SetPriorityGrouping
                0x0000000008001a68       0x48 ./Drivers/STM32F4xx_HAL_Driver/Src/stm32f4xx_hal_cortex.o
 .text.__NVIC_GetPriorityGrouping
                0x0000000008001ab0       0x1c ./Drivers/STM32F4xx_HAL_Driver/Src/stm32f4xx_hal_cortex.o
 .text.__NVIC_SetPriority
                0x0000000008001acc       0x54 ./Drivers/STM32F4xx_HAL_Driver/Src/stm32f4xx_hal_cortex.o
 .text.NVIC_EncodePriority
                0x0000000008001b20       0x66 ./Drivers/STM32F4xx_HAL_Driver/Src/stm32f4xx_hal_cortex.o
 *fill*         0x0000000008001b86        0x2 
 .text.SysTick_Config
                0x0000000008001b88       0x44 ./Drivers/STM32F4xx_HAL_Driver/Src/stm32f4xx_hal_cortex.o
 .text.HAL_NVIC_SetPriorityGrouping
                0x0000000008001bcc       0x16 ./Drivers/STM32F4xx_HAL_Driver/Src/stm32f4xx_hal_cortex.o
                0x0000000008001bcc                HAL_NVIC_SetPriorityGrouping
 .text.HAL_NVIC_SetPriority
                0x0000000008001be2       0x38 ./Drivers/STM32F4xx_HAL_Driver/Src/stm32f4xx_hal_cortex.o
                0x0000000008001be2                HAL_NVIC_SetPriority
 .text.HAL_SYSTICK_Config
                0x0000000008001c1a       0x18 ./Drivers/STM32F4xx_HAL_Driver/Src/stm32f4xx_hal_cortex.o
                0x0000000008001c1a                HAL_SYSTICK_Config
 *fill*         0x0000000008001c32        0x2 
 .text.HAL_GPIO_Init
                0x0000000008001c34      0x308 ./Drivers/STM32F4xx_HAL_Driver/Src/stm32f4xx_hal_gpio.o
                0x0000000008001c34                HAL_GPIO_Init
 .text.HAL_GPIO_WritePin
                0x0000000008001f3c       0x32 ./Drivers/STM32F4xx_HAL_Driver/Src/stm32f4xx_hal_gpio.o
                0x0000000008001f3c                HAL_GPIO_WritePin
 *fill*         0x0000000008001f6e        0x2 
 .text.HAL_RCC_OscConfig
                0x0000000008001f70      0x4f0 ./Drivers/STM32F4xx_HAL_Driver/Src/stm32f4xx_hal_rcc.o
                0x0000000008001f70                HAL_RCC_OscConfig
 .text.HAL_RCC_ClockConfig
                0x0000000008002460      0x1cc ./Drivers/STM32F4xx_HAL_Driver/Src/stm32f4xx_hal_rcc.o
                0x0000000008002460                HAL_RCC_ClockConfig
 .text.HAL_RCC_GetSysClockFreq
                0x000000000800262c      0x20c ./Drivers/STM32F4xx_HAL_Driver/Src/stm32f4xx_hal_rcc.o
                0x000000000800262c                HAL_RCC_GetSysClockFreq
 .text.HAL_SPI_Init
                0x0000000008002838      0x112 ./Drivers/STM32F4xx_HAL_Driver/Src/stm32f4xx_hal_spi.o
                0x0000000008002838                HAL_SPI_Init
 .text.HAL_SPI_Transmit
                0x000000000800294a      0x278 ./Drivers/STM32F4xx_HAL_Driver/Src/stm32f4xx_hal_spi.o
                0x000000000800294a                HAL_SPI_Transmit
 .text.HAL_SPI_TransmitReceive
                0x0000000008002bc2      0x344 ./Drivers/STM32F4xx_HAL_Driver/Src/stm32f4xx_hal_spi.o
                0x0000000008002bc2                HAL_SPI_TransmitReceive
 .text.HAL_SPI_GetState
                0x0000000008002f06       0x1c ./Drivers/STM32F4xx_HAL_Driver/Src/stm32f4xx_hal_spi.o
                0x0000000008002f06                HAL_SPI_GetState
 *fill*         0x0000000008002f22        0x2 
 .text.SPI_WaitFlagStateUntilTimeout
                0x0000000008002f24      0x110 ./Drivers/STM32F4xx_HAL_Driver/Src/stm32f4xx_hal_spi.o
 .text.SPI_EndRxTxTransaction
                0x0000000008003034       0x84 ./Drivers/STM32F4xx_HAL_Driver/Src/stm32f4xx_hal_spi.o
 .text.MX_FATFS_Init
                0x00000000080030b8       0x24 ./FATFS/App/fatfs.o
                0x00000000080030b8                MX_FATFS_Init
 .text.get_fattime
                0x00000000080030dc       0x10 ./FATFS/App/fatfs.o
                0x00000000080030dc                get_fattime
 .text.USER_initialize
                0x00000000080030ec       0x1e ./FATFS/Target/user_diskio.o
                0x00000000080030ec                USER_initialize
 .text.USER_status
                0x000000000800310a       0x1e ./FATFS/Target/user_diskio.o
                0x000000000800310a                USER_status
 .text.USER_read
                0x0000000008003128       0x28 ./FATFS/Target/user_diskio.o
                0x0000000008003128                USER_read
 .text.USER_write
                0x0000000008003150       0x28 ./FATFS/Target/user_diskio.o
                0x0000000008003150                USER_write
 .text.USER_ioctl
                0x0000000008003178       0x2c ./FATFS/Target/user_diskio.o
                0x0000000008003178                USER_ioctl
 .text.disk_status
                0x00000000080031a4       0x34 ./Middlewares/Third_Party/FatFs/src/diskio.o
                0x00000000080031a4                disk_status
 .text.disk_initialize
                0x00000000080031d8       0x4c ./Middlewares/Third_Party/FatFs/src/diskio.o
                0x00000000080031d8                disk_initialize
 .text.disk_read
                0x0000000008003224       0x40 ./Middlewares/Third_Party/FatFs/src/diskio.o
                0x0000000008003224                disk_read
 .text.disk_write
                0x0000000008003264       0x40 ./Middlewares/Third_Party/FatFs/src/diskio.o
                0x0000000008003264                disk_write
 .text.disk_ioctl
                0x00000000080032a4       0x3c ./Middlewares/Third_Party/FatFs/src/diskio.o
                0x00000000080032a4                disk_ioctl
 .text.ld_word  0x00000000080032e0       0x30 ./Middlewares/Third_Party/FatFs/src/ff.o
 .text.ld_dword
                0x0000000008003310       0x46 ./Middlewares/Third_Party/FatFs/src/ff.o
 .text.st_word  0x0000000008003356       0x36 ./Middlewares/Third_Party/FatFs/src/ff.o
 .text.st_dword
                0x000000000800338c       0x58 ./Middlewares/Third_Party/FatFs/src/ff.o
 .text.mem_cpy  0x00000000080033e4       0x42 ./Middlewares/Third_Party/FatFs/src/ff.o
 .text.mem_set  0x0000000008003426       0x36 ./Middlewares/Third_Party/FatFs/src/ff.o
 .text.mem_cmp  0x000000000800345c       0x4e ./Middlewares/Third_Party/FatFs/src/ff.o
 .text.chk_chr  0x00000000080034aa       0x36 ./Middlewares/Third_Party/FatFs/src/ff.o
 .text.chk_lock
                0x00000000080034e0       0xb8 ./Middlewares/Third_Party/FatFs/src/ff.o
 .text.enq_lock
                0x0000000008003598       0x44 ./Middlewares/Third_Party/FatFs/src/ff.o
 .text.inc_lock
                0x00000000080035dc      0x11c ./Middlewares/Third_Party/FatFs/src/ff.o
 .text.dec_lock
                0x00000000080036f8       0x78 ./Middlewares/Third_Party/FatFs/src/ff.o
 .text.clear_lock
                0x0000000008003770       0x48 ./Middlewares/Third_Party/FatFs/src/ff.o
 .text.sync_window
                0x00000000080037b8       0x88 ./Middlewares/Third_Party/FatFs/src/ff.o
 .text.move_window
                0x0000000008003840       0x5a ./Middlewares/Third_Party/FatFs/src/ff.o
 *fill*         0x000000000800389a        0x2 
 .text.sync_fs  0x000000000800389c       0xe0 ./Middlewares/Third_Party/FatFs/src/ff.o
 .text.clust2sect
                0x000000000800397c       0x3e ./Middlewares/Third_Party/FatFs/src/ff.o
 .text.get_fat  0x00000000080039ba      0x1a8 ./Middlewares/Third_Party/FatFs/src/ff.o
 .text.put_fat  0x0000000008003b62      0x238 ./Middlewares/Third_Party/FatFs/src/ff.o
 .text.remove_chain
                0x0000000008003d9a       0xca ./Middlewares/Third_Party/FatFs/src/ff.o
 .text.create_chain
                0x0000000008003e64      0x130 ./Middlewares/Third_Party/FatFs/src/ff.o
 .text.clmt_clust
                0x0000000008003f94       0x70 ./Middlewares/Third_Party/FatFs/src/ff.o
 .text.dir_sdi  0x0000000008004004      0x112 ./Middlewares/Third_Party/FatFs/src/ff.o
 .text.dir_next
                0x0000000008004116      0x1ac ./Middlewares/Third_Party/FatFs/src/ff.o
 .text.dir_alloc
                0x00000000080042c2       0x8e ./Middlewares/Third_Party/FatFs/src/ff.o
 .text.ld_clust
                0x0000000008004350       0x3e ./Middlewares/Third_Party/FatFs/src/ff.o
 .text.st_clust
                0x000000000800438e       0x40 ./Middlewares/Third_Party/FatFs/src/ff.o
 *fill*         0x00000000080043ce        0x2 
 .text.cmp_lfn  0x00000000080043d0       0xe0 ./Middlewares/Third_Party/FatFs/src/ff.o
 .text.put_lfn  0x00000000080044b0       0xd0 ./Middlewares/Third_Party/FatFs/src/ff.o
 .text.gen_numname
                0x0000000008004580      0x11c ./Middlewares/Third_Party/FatFs/src/ff.o
 .text.sum_sfn  0x000000000800469c       0x42 ./Middlewares/Third_Party/FatFs/src/ff.o
 .text.dir_find
                0x00000000080046de      0x180 ./Middlewares/Third_Party/FatFs/src/ff.o
 *fill*         0x000000000800485e        0x2 
 .text.dir_register
                0x0000000008004860      0x1f0 ./Middlewares/Third_Party/FatFs/src/ff.o
 .text.create_name
                0x0000000008004a50      0x370 ./Middlewares/Third_Party/FatFs/src/ff.o
 .text.follow_path
                0x0000000008004dc0       0xec ./Middlewares/Third_Party/FatFs/src/ff.o
 .text.get_ldnumber
                0x0000000008004eac       0x88 ./Middlewares/Third_Party/FatFs/src/ff.o
 .text.check_fs
                0x0000000008004f34       0xac ./Middlewares/Third_Party/FatFs/src/ff.o
 .text.find_volume
                0x0000000008004fe0      0x50c ./Middlewares/Third_Party/FatFs/src/ff.o
 .text.validate
                0x00000000080054ec       0x6a ./Middlewares/Third_Party/FatFs/src/ff.o
 *fill*         0x0000000008005556        0x2 
 .text.f_mount  0x0000000008005558       0x8c ./Middlewares/Third_Party/FatFs/src/ff.o
                0x0000000008005558                f_mount
 .text.f_open   0x00000000080055e4      0x398 ./Middlewares/Third_Party/FatFs/src/ff.o
                0x00000000080055e4                f_open
 .text.f_write  0x000000000800597c      0x328 ./Middlewares/Third_Party/FatFs/src/ff.o
                0x000000000800597c                f_write
 .text.f_sync   0x0000000008005ca4       0xfc ./Middlewares/Third_Party/FatFs/src/ff.o
                0x0000000008005ca4                f_sync
 .text.f_close  0x0000000008005da0       0x54 ./Middlewares/Third_Party/FatFs/src/ff.o
                0x0000000008005da0                f_close
 .text.f_getfree
                0x0000000008005df4      0x16a ./Middlewares/Third_Party/FatFs/src/ff.o
                0x0000000008005df4                f_getfree
 .text.putc_bfd
                0x0000000008005f5e       0x7a ./Middlewares/Third_Party/FatFs/src/ff.o
 .text.putc_flush
                0x0000000008005fd8       0x4a ./Middlewares/Third_Party/FatFs/src/ff.o
 .text.putc_init
                0x0000000008006022       0x2a ./Middlewares/Third_Party/FatFs/src/ff.o
 .text.f_puts   0x000000000800604c       0x48 ./Middlewares/Third_Party/FatFs/src/ff.o
                0x000000000800604c                f_puts
 .text.FATFS_LinkDriverEx
                0x0000000008006094       0x98 ./Middlewares/Third_Party/FatFs/src/ff_gen_drv.o
                0x0000000008006094                FATFS_LinkDriverEx
 .text.FATFS_LinkDriver
                0x000000000800612c       0x1e ./Middlewares/Third_Party/FatFs/src/ff_gen_drv.o
                0x000000000800612c                FATFS_LinkDriver
 *fill*         0x000000000800614a        0x2 
 .text.ff_convert
                0x000000000800614c       0x78 ./Middlewares/Third_Party/FatFs/src/option/ccsbcs.o
                0x000000000800614c                ff_convert
 .text.ff_wtoupper
                0x00000000080061c4      0x114 ./Middlewares/Third_Party/FatFs/src/option/ccsbcs.o
                0x00000000080061c4                ff_wtoupper
 .text.__libc_init_array
                0x00000000080062d8       0x48 /Applications/STM32CubeIDE.app/Contents/Eclipse/plugins/com.st.stm32cube.ide.mcu.externaltools.gnu-tools-for-stm32.10.3-2021.10.macos64_1.0.100.202210260954/tools/bin/../lib/gcc/arm-none-eabi/10.3.1/../../../../arm-none-eabi/lib/thumb/v7e-m+fp/hard/libc_nano.a(lib_a-init.o)
                0x00000000080062d8                __libc_init_array
 .text.memset   0x0000000008006320       0x10 /Applications/STM32CubeIDE.app/Contents/Eclipse/plugins/com.st.stm32cube.ide.mcu.externaltools.gnu-tools-for-stm32.10.3-2021.10.macos64_1.0.100.202210260954/tools/bin/../lib/gcc/arm-none-eabi/10.3.1/../../../../arm-none-eabi/lib/thumb/v7e-m+fp/hard/libc_nano.a(lib_a-memset.o)
                0x0000000008006320                memset
 *(.glue_7)
 .glue_7        0x0000000008006330        0x0 linker stubs
 *(.glue_7t)
 .glue_7t       0x0000000008006330        0x0 linker stubs
 *(.eh_frame)
 .eh_frame      0x0000000008006330        0x0 /Applications/STM32CubeIDE.app/Contents/Eclipse/plugins/com.st.stm32cube.ide.mcu.externaltools.gnu-tools-for-stm32.10.3-2021.10.macos64_1.0.100.202210260954/tools/bin/../lib/gcc/arm-none-eabi/10.3.1/thumb/v7e-m+fp/hard/crtbegin.o
 *(.init)
 .init          0x0000000008006330        0x4 /Applications/STM32CubeIDE.app/Contents/Eclipse/plugins/com.st.stm32cube.ide.mcu.externaltools.gnu-tools-for-stm32.10.3-2021.10.macos64_1.0.100.202210260954/tools/bin/../lib/gcc/arm-none-eabi/10.3.1/thumb/v7e-m+fp/hard/crti.o
                0x0000000008006330                _init
 .init          0x0000000008006334        0x8 /Applications/STM32CubeIDE.app/Contents/Eclipse/plugins/com.st.stm32cube.ide.mcu.externaltools.gnu-tools-for-stm32.10.3-2021.10.macos64_1.0.100.202210260954/tools/bin/../lib/gcc/arm-none-eabi/10.3.1/thumb/v7e-m+fp/hard/crtn.o
 *(.fini)
 .fini          0x000000000800633c        0x4 /Applications/STM32CubeIDE.app/Contents/Eclipse/plugins/com.st.stm32cube.ide.mcu.externaltools.gnu-tools-for-stm32.10.3-2021.10.macos64_1.0.100.202210260954/tools/bin/../lib/gcc/arm-none-eabi/10.3.1/thumb/v7e-m+fp/hard/crti.o
                0x000000000800633c                _fini
 .fini          0x0000000008006340        0x8 /Applications/STM32CubeIDE.app/Contents/Eclipse/plugins/com.st.stm32cube.ide.mcu.externaltools.gnu-tools-for-stm32.10.3-2021.10.macos64_1.0.100.202210260954/tools/bin/../lib/gcc/arm-none-eabi/10.3.1/thumb/v7e-m+fp/hard/crtn.o
                0x0000000008006348                . = ALIGN (0x4)
                0x0000000008006348                _etext = .

.vfp11_veneer   0x0000000008006348        0x0
 .vfp11_veneer  0x0000000008006348        0x0 linker stubs

.v4_bx          0x0000000008006348        0x0
 .v4_bx         0x0000000008006348        0x0 linker stubs

.iplt           0x0000000008006348        0x0
 .iplt          0x0000000008006348        0x0 /Applications/STM32CubeIDE.app/Contents/Eclipse/plugins/com.st.stm32cube.ide.mcu.externaltools.gnu-tools-for-stm32.10.3-2021.10.macos64_1.0.100.202210260954/tools/bin/../lib/gcc/arm-none-eabi/10.3.1/thumb/v7e-m+fp/hard/crtbegin.o

.rodata         0x0000000008006348      0x4c0
                0x0000000008006348                . = ALIGN (0x4)
 *(.rodata)
 .rodata        0x0000000008006348       0x28 ./Core/Src/main.o
 .rodata        0x0000000008006370       0x48 ./Middlewares/Third_Party/FatFs/src/ff.o
 *(.rodata*)
 .rodata.AHBPrescTable
                0x00000000080063b8       0x10 ./Core/Src/system_stm32f4xx.o
                0x00000000080063b8                AHBPrescTable
 .rodata.ExCvt  0x00000000080063c8       0x80 ./Middlewares/Third_Party/FatFs/src/ff.o
 .rodata.LfnOfs
                0x0000000008006448        0xd ./Middlewares/Third_Party/FatFs/src/ff.o
 *fill*         0x0000000008006455        0x3 
 .rodata.Tbl    0x0000000008006458      0x100 ./Middlewares/Third_Party/FatFs/src/option/ccsbcs.o
 .rodata.cvt1.1
                0x0000000008006558      0x1f2 ./Middlewares/Third_Party/FatFs/src/option/ccsbcs.o
 *fill*         0x000000000800674a        0x2 
 .rodata.cvt2.0
                0x000000000800674c       0xbc ./Middlewares/Third_Party/FatFs/src/option/ccsbcs.o
                0x0000000008006808                . = ALIGN (0x4)

.ARM.extab      0x0000000008006808        0x0
                0x0000000008006808                . = ALIGN (0x4)
 *(.ARM.extab* .gnu.linkonce.armextab.*)
                0x0000000008006808                . = ALIGN (0x4)

.ARM            0x0000000008006808        0x8
                0x0000000008006808                . = ALIGN (0x4)
                0x0000000008006808                __exidx_start = .
 *(.ARM.exidx*)
 .ARM.exidx     0x0000000008006808        0x8 /Applications/STM32CubeIDE.app/Contents/Eclipse/plugins/com.st.stm32cube.ide.mcu.externaltools.gnu-tools-for-stm32.10.3-2021.10.macos64_1.0.100.202210260954/tools/bin/../lib/gcc/arm-none-eabi/10.3.1/thumb/v7e-m+fp/hard/libgcc.a(_udivmoddi4.o)
                0x0000000008006810                __exidx_end = .
                0x0000000008006810                . = ALIGN (0x4)

.rel.dyn        0x0000000008006810        0x0
 .rel.iplt      0x0000000008006810        0x0 /Applications/STM32CubeIDE.app/Contents/Eclipse/plugins/com.st.stm32cube.ide.mcu.externaltools.gnu-tools-for-stm32.10.3-2021.10.macos64_1.0.100.202210260954/tools/bin/../lib/gcc/arm-none-eabi/10.3.1/thumb/v7e-m+fp/hard/crtbegin.o

.preinit_array  0x0000000008006810        0x0
                0x0000000008006810                . = ALIGN (0x4)
                0x0000000008006810                PROVIDE (__preinit_array_start = .)
 *(.preinit_array*)
                0x0000000008006810                PROVIDE (__preinit_array_end = .)
                0x0000000008006810                . = ALIGN (0x4)

.init_array     0x0000000008006810        0x4
                0x0000000008006810                . = ALIGN (0x4)
                0x0000000008006810                PROVIDE (__init_array_start = .)
 *(SORT_BY_NAME(.init_array.*))
 *(.init_array*)
 .init_array    0x0000000008006810        0x4 /Applications/STM32CubeIDE.app/Contents/Eclipse/plugins/com.st.stm32cube.ide.mcu.externaltools.gnu-tools-for-stm32.10.3-2021.10.macos64_1.0.100.202210260954/tools/bin/../lib/gcc/arm-none-eabi/10.3.1/thumb/v7e-m+fp/hard/crtbegin.o
                0x0000000008006814                PROVIDE (__init_array_end = .)
                0x0000000008006814                . = ALIGN (0x4)

.fini_array     0x0000000008006814        0x4
                0x0000000008006814                . = ALIGN (0x4)
                [!provide]                        PROVIDE (__fini_array_start = .)
 *(SORT_BY_NAME(.fini_array.*))
 *(.fini_array*)
 .fini_array    0x0000000008006814        0x4 /Applications/STM32CubeIDE.app/Contents/Eclipse/plugins/com.st.stm32cube.ide.mcu.externaltools.gnu-tools-for-stm32.10.3-2021.10.macos64_1.0.100.202210260954/tools/bin/../lib/gcc/arm-none-eabi/10.3.1/thumb/v7e-m+fp/hard/crtbegin.o
                [!provide]                        PROVIDE (__fini_array_end = .)
                0x0000000008006818                . = ALIGN (0x4)
                0x0000000008006818                _sidata = LOADADDR (.data)

.data           0x0000000020000000       0x24 load address 0x0000000008006818
                0x0000000020000000                . = ALIGN (0x4)
                0x0000000020000000                _sdata = .
 *(.data)
 *(.data*)
 .data.Stat     0x0000000020000000        0x1 ./Core/Src/fatfs_sd.o
 *fill*         0x0000000020000001        0x3 
 .data.SystemCoreClock
                0x0000000020000004        0x4 ./Core/Src/system_stm32f4xx.o
                0x0000000020000004                SystemCoreClock
 .data.uwTickPrio
                0x0000000020000008        0x4 ./Drivers/STM32F4xx_HAL_Driver/Src/stm32f4xx_hal.o
                0x0000000020000008                uwTickPrio
 .data.uwTickFreq
                0x000000002000000c        0x1 ./Drivers/STM32F4xx_HAL_Driver/Src/stm32f4xx_hal.o
                0x000000002000000c                uwTickFreq
 *fill*         0x000000002000000d        0x3 
 .data.USER_Driver
                0x0000000020000010       0x14 ./FATFS/Target/user_diskio.o
                0x0000000020000010                USER_Driver
 *(.RamFunc)
 *(.RamFunc*)
                0x0000000020000024                . = ALIGN (0x4)
                0x0000000020000024                _edata = .

.igot.plt       0x0000000020000024        0x0 load address 0x000000000800683c
 .igot.plt      0x0000000020000024        0x0 /Applications/STM32CubeIDE.app/Contents/Eclipse/plugins/com.st.stm32cube.ide.mcu.externaltools.gnu-tools-for-stm32.10.3-2021.10.macos64_1.0.100.202210260954/tools/bin/../lib/gcc/arm-none-eabi/10.3.1/thumb/v7e-m+fp/hard/crtbegin.o
                0x0000000020000024                . = ALIGN (0x4)

.bss            0x0000000020000024     0x2338 load address 0x000000000800683c
                0x0000000020000024                _sbss = .
                0x0000000020000024                __bss_start__ = _sbss
 *(.bss)
 .bss           0x0000000020000024       0x1c /Applications/STM32CubeIDE.app/Contents/Eclipse/plugins/com.st.stm32cube.ide.mcu.externaltools.gnu-tools-for-stm32.10.3-2021.10.macos64_1.0.100.202210260954/tools/bin/../lib/gcc/arm-none-eabi/10.3.1/thumb/v7e-m+fp/hard/crtbegin.o
 *(.bss*)
 .bss.CardType  0x0000000020000040        0x1 ./Core/Src/fatfs_sd.o
 .bss.PowerFlag
                0x0000000020000041        0x1 ./Core/Src/fatfs_sd.o
 *fill*         0x0000000020000042        0x2 
 .bss.hspi1     0x0000000020000044       0x58 ./Core/Src/main.o
                0x0000000020000044                hspi1
 .bss.fs        0x000000002000009c     0x1038 ./Core/Src/main.o
                0x000000002000009c                fs
 .bss.file      0x00000000200010d4     0x1030 ./Core/Src/main.o
                0x00000000200010d4                file
 .bss.fresult   0x0000000020002104        0x1 ./Core/Src/main.o
                0x0000000020002104                fresult
 *fill*         0x0000000020002105        0x3 
 .bss.pfs       0x0000000020002108        0x4 ./Core/Src/main.o
                0x0000000020002108                pfs
 .bss.fre_clust
                0x000000002000210c        0x4 ./Core/Src/main.o
                0x000000002000210c                fre_clust
 .bss.total     0x0000000020002110        0x4 ./Core/Src/main.o
                0x0000000020002110                total
 .bss.free_space
                0x0000000020002114        0x4 ./Core/Src/main.o
                0x0000000020002114                free_space
 .bss.Timer1    0x0000000020002118        0x1 ./Core/Src/stm32f4xx_it.o
                0x0000000020002118                Timer1
 .bss.Timer2    0x0000000020002119        0x1 ./Core/Src/stm32f4xx_it.o
                0x0000000020002119                Timer2
 .bss.FatFsCnt  0x000000002000211a        0x1 ./Core/Src/stm32f4xx_it.o
                0x000000002000211a                FatFsCnt
 *fill*         0x000000002000211b        0x1 
 .bss.uwTick    0x000000002000211c        0x4 ./Drivers/STM32F4xx_HAL_Driver/Src/stm32f4xx_hal.o
                0x000000002000211c                uwTick
 .bss.retUSER   0x0000000020002120        0x1 ./FATFS/App/fatfs.o
                0x0000000020002120                retUSER
 *fill*         0x0000000020002121        0x3 
 .bss.USERPath  0x0000000020002124        0x4 ./FATFS/App/fatfs.o
                0x0000000020002124                USERPath
 .bss.FatFs     0x0000000020002128        0x4 ./Middlewares/Third_Party/FatFs/src/ff.o
 .bss.Fsid      0x000000002000212c        0x2 ./Middlewares/Third_Party/FatFs/src/ff.o
 *fill*         0x000000002000212e        0x2 
 .bss.Files     0x0000000020002130       0x20 ./Middlewares/Third_Party/FatFs/src/ff.o
 .bss.LfnBuf    0x0000000020002150      0x200 ./Middlewares/Third_Party/FatFs/src/ff.o
 .bss.disk      0x0000000020002350        0xc ./Middlewares/Third_Party/FatFs/src/ff_gen_drv.o
                0x0000000020002350                disk
 *(COMMON)
                0x000000002000235c                . = ALIGN (0x4)
                0x000000002000235c                _ebss = .
                0x000000002000235c                __bss_end__ = _ebss

._user_heap_stack
                0x000000002000235c      0x604 load address 0x000000000800683c
                0x0000000020002360                . = ALIGN (0x8)
 *fill*         0x000000002000235c        0x4 
                [!provide]                        PROVIDE (end = .)
                0x0000000020002360                PROVIDE (_end = .)
                0x0000000020002560                . = (. + _Min_Heap_Size)
 *fill*         0x0000000020002360      0x200 
                0x0000000020002960                . = (. + _Min_Stack_Size)
 *fill*         0x0000000020002560      0x400 
                0x0000000020002960                . = ALIGN (0x8)

/DISCARD/
 libc.a(*)
 libm.a(*)
 libgcc.a(*)

.ARM.attributes
                0x0000000000000000       0x30
 *(.ARM.attributes)
 .ARM.attributes
                0x0000000000000000       0x1e /Applications/STM32CubeIDE.app/Contents/Eclipse/plugins/com.st.stm32cube.ide.mcu.externaltools.gnu-tools-for-stm32.10.3-2021.10.macos64_1.0.100.202210260954/tools/bin/../lib/gcc/arm-none-eabi/10.3.1/thumb/v7e-m+fp/hard/crti.o
 .ARM.attributes
                0x000000000000001e       0x34 /Applications/STM32CubeIDE.app/Contents/Eclipse/plugins/com.st.stm32cube.ide.mcu.externaltools.gnu-tools-for-stm32.10.3-2021.10.macos64_1.0.100.202210260954/tools/bin/../lib/gcc/arm-none-eabi/10.3.1/thumb/v7e-m+fp/hard/crtbegin.o
 .ARM.attributes
                0x0000000000000052       0x34 ./Core/Src/fatfs_sd.o
 .ARM.attributes
                0x0000000000000086       0x34 ./Core/Src/main.o
 .ARM.attributes
                0x00000000000000ba       0x34 ./Core/Src/stm32f4xx_hal_msp.o
 .ARM.attributes
                0x00000000000000ee       0x34 ./Core/Src/stm32f4xx_it.o
 .ARM.attributes
                0x0000000000000122       0x34 ./Core/Src/system_stm32f4xx.o
 .ARM.attributes
                0x0000000000000156       0x21 ./Core/Startup/startup_stm32f401retx.o
 .ARM.attributes
                0x0000000000000177       0x34 ./Drivers/STM32F4xx_HAL_Driver/Src/stm32f4xx_hal.o
 .ARM.attributes
                0x00000000000001ab       0x34 ./Drivers/STM32F4xx_HAL_Driver/Src/stm32f4xx_hal_cortex.o
 .ARM.attributes
                0x00000000000001df       0x34 ./Drivers/STM32F4xx_HAL_Driver/Src/stm32f4xx_hal_gpio.o
 .ARM.attributes
                0x0000000000000213       0x34 ./Drivers/STM32F4xx_HAL_Driver/Src/stm32f4xx_hal_rcc.o
 .ARM.attributes
                0x0000000000000247       0x34 ./Drivers/STM32F4xx_HAL_Driver/Src/stm32f4xx_hal_spi.o
 .ARM.attributes
                0x000000000000027b       0x34 ./FATFS/App/fatfs.o
 .ARM.attributes
                0x00000000000002af       0x34 ./FATFS/Target/user_diskio.o
 .ARM.attributes
                0x00000000000002e3       0x34 ./Middlewares/Third_Party/FatFs/src/diskio.o
 .ARM.attributes
                0x0000000000000317       0x34 ./Middlewares/Third_Party/FatFs/src/ff.o
 .ARM.attributes
                0x000000000000034b       0x34 ./Middlewares/Third_Party/FatFs/src/ff_gen_drv.o
 .ARM.attributes
                0x000000000000037f       0x34 ./Middlewares/Third_Party/FatFs/src/option/ccsbcs.o
 .ARM.attributes
                0x00000000000003b3       0x34 /Applications/STM32CubeIDE.app/Contents/Eclipse/plugins/com.st.stm32cube.ide.mcu.externaltools.gnu-tools-for-stm32.10.3-2021.10.macos64_1.0.100.202210260954/tools/bin/../lib/gcc/arm-none-eabi/10.3.1/../../../../arm-none-eabi/lib/thumb/v7e-m+fp/hard/libc_nano.a(lib_a-init.o)
 .ARM.attributes
                0x00000000000003e7       0x34 /Applications/STM32CubeIDE.app/Contents/Eclipse/plugins/com.st.stm32cube.ide.mcu.externaltools.gnu-tools-for-stm32.10.3-2021.10.macos64_1.0.100.202210260954/tools/bin/../lib/gcc/arm-none-eabi/10.3.1/../../../../arm-none-eabi/lib/thumb/v7e-m+fp/hard/libc_nano.a(lib_a-memset.o)
 .ARM.attributes
                0x000000000000041b       0x1e /Applications/STM32CubeIDE.app/Contents/Eclipse/plugins/com.st.stm32cube.ide.mcu.externaltools.gnu-tools-for-stm32.10.3-2021.10.macos64_1.0.100.202210260954/tools/bin/../lib/gcc/arm-none-eabi/10.3.1/thumb/v7e-m+fp/hard/libgcc.a(_arm_muldf3.o)
 .ARM.attributes
                0x0000000000000439       0x1e /Applications/STM32CubeIDE.app/Contents/Eclipse/plugins/com.st.stm32cube.ide.mcu.externaltools.gnu-tools-for-stm32.10.3-2021.10.macos64_1.0.100.202210260954/tools/bin/../lib/gcc/arm-none-eabi/10.3.1/thumb/v7e-m+fp/hard/libgcc.a(_arm_addsubdf3.o)
 .ARM.attributes
                0x0000000000000457       0x1e /Applications/STM32CubeIDE.app/Contents/Eclipse/plugins/com.st.stm32cube.ide.mcu.externaltools.gnu-tools-for-stm32.10.3-2021.10.macos64_1.0.100.202210260954/tools/bin/../lib/gcc/arm-none-eabi/10.3.1/thumb/v7e-m+fp/hard/libgcc.a(_arm_fixunsdfsi.o)
 .ARM.attributes
                0x0000000000000475       0x1e /Applications/STM32CubeIDE.app/Contents/Eclipse/plugins/com.st.stm32cube.ide.mcu.externaltools.gnu-tools-for-stm32.10.3-2021.10.macos64_1.0.100.202210260954/tools/bin/../lib/gcc/arm-none-eabi/10.3.1/thumb/v7e-m+fp/hard/libgcc.a(_aeabi_uldivmod.o)
 .ARM.attributes
                0x0000000000000493       0x34 /Applications/STM32CubeIDE.app/Contents/Eclipse/plugins/com.st.stm32cube.ide.mcu.externaltools.gnu-tools-for-stm32.10.3-2021.10.macos64_1.0.100.202210260954/tools/bin/../lib/gcc/arm-none-eabi/10.3.1/thumb/v7e-m+fp/hard/libgcc.a(_udivmoddi4.o)
 .ARM.attributes
                0x00000000000004c7       0x1e /Applications/STM32CubeIDE.app/Contents/Eclipse/plugins/com.st.stm32cube.ide.mcu.externaltools.gnu-tools-for-stm32.10.3-2021.10.macos64_1.0.100.202210260954/tools/bin/../lib/gcc/arm-none-eabi/10.3.1/thumb/v7e-m+fp/hard/libgcc.a(_dvmd_tls.o)
 .ARM.attributes
                0x00000000000004e5       0x1e /Applications/STM32CubeIDE.app/Contents/Eclipse/plugins/com.st.stm32cube.ide.mcu.externaltools.gnu-tools-for-stm32.10.3-2021.10.macos64_1.0.100.202210260954/tools/bin/../lib/gcc/arm-none-eabi/10.3.1/thumb/v7e-m+fp/hard/crtn.o
OUTPUT(SD_CARD_SPI.elf elf32-littlearm)
LOAD linker stubs
LOAD /Applications/STM32CubeIDE.app/Contents/Eclipse/plugins/com.st.stm32cube.ide.mcu.externaltools.gnu-tools-for-stm32.10.3-2021.10.macos64_1.0.100.202210260954/tools/bin/../lib/gcc/arm-none-eabi/10.3.1/../../../../arm-none-eabi/lib/thumb/v7e-m+fp/hard/libc.a
LOAD /Applications/STM32CubeIDE.app/Contents/Eclipse/plugins/com.st.stm32cube.ide.mcu.externaltools.gnu-tools-for-stm32.10.3-2021.10.macos64_1.0.100.202210260954/tools/bin/../lib/gcc/arm-none-eabi/10.3.1/../../../../arm-none-eabi/lib/thumb/v7e-m+fp/hard/libm.a
LOAD /Applications/STM32CubeIDE.app/Contents/Eclipse/plugins/com.st.stm32cube.ide.mcu.externaltools.gnu-tools-for-stm32.10.3-2021.10.macos64_1.0.100.202210260954/tools/bin/../lib/gcc/arm-none-eabi/10.3.1/thumb/v7e-m+fp/hard/libgcc.a

.debug_info     0x0000000000000000     0xa868
 .debug_info    0x0000000000000000      0xcbf ./Core/Src/fatfs_sd.o
 .debug_info    0x0000000000000cbf     0x1102 ./Core/Src/main.o
 .debug_info    0x0000000000001dc1      0x9da ./Core/Src/stm32f4xx_hal_msp.o
 .debug_info    0x000000000000279b      0x186 ./Core/Src/stm32f4xx_it.o
 .debug_info    0x0000000000002921      0x54f ./Core/Src/system_stm32f4xx.o
 .debug_info    0x0000000000002e70       0x22 ./Core/Startup/startup_stm32f401retx.o
 .debug_info    0x0000000000002e92      0x906 ./Drivers/STM32F4xx_HAL_Driver/Src/stm32f4xx_hal.o
 .debug_info    0x0000000000003798      0xd85 ./Drivers/STM32F4xx_HAL_Driver/Src/stm32f4xx_hal_cortex.o
 .debug_info    0x000000000000451d      0x78e ./Drivers/STM32F4xx_HAL_Driver/Src/stm32f4xx_hal_gpio.o
 .debug_info    0x0000000000004cab      0x98c ./Drivers/STM32F4xx_HAL_Driver/Src/stm32f4xx_hal_rcc.o
 .debug_info    0x0000000000005637     0x1750 ./Drivers/STM32F4xx_HAL_Driver/Src/stm32f4xx_hal_spi.o
 .debug_info    0x0000000000006d87      0x526 ./FATFS/App/fatfs.o
 .debug_info    0x00000000000072ad      0x3eb ./FATFS/Target/user_diskio.o
 .debug_info    0x0000000000007698      0x412 ./Middlewares/Third_Party/FatFs/src/diskio.o
 .debug_info    0x0000000000007aaa     0x284f ./Middlewares/Third_Party/FatFs/src/ff.o
 .debug_info    0x000000000000a2f9      0x3a9 ./Middlewares/Third_Party/FatFs/src/ff_gen_drv.o
 .debug_info    0x000000000000a6a2      0x1c6 ./Middlewares/Third_Party/FatFs/src/option/ccsbcs.o

.debug_abbrev   0x0000000000000000     0x1df4
 .debug_abbrev  0x0000000000000000      0x2b1 ./Core/Src/fatfs_sd.o
 .debug_abbrev  0x00000000000002b1      0x29f ./Core/Src/main.o
 .debug_abbrev  0x0000000000000550      0x194 ./Core/Src/stm32f4xx_hal_msp.o
 .debug_abbrev  0x00000000000006e4       0x9d ./Core/Src/stm32f4xx_it.o
 .debug_abbrev  0x0000000000000781      0x116 ./Core/Src/system_stm32f4xx.o
 .debug_abbrev  0x0000000000000897       0x12 ./Core/Startup/startup_stm32f401retx.o
 .debug_abbrev  0x00000000000008a9      0x23e ./Drivers/STM32F4xx_HAL_Driver/Src/stm32f4xx_hal.o
 .debug_abbrev  0x0000000000000ae7      0x316 ./Drivers/STM32F4xx_HAL_Driver/Src/stm32f4xx_hal_cortex.o
 .debug_abbrev  0x0000000000000dfd      0x1c4 ./Drivers/STM32F4xx_HAL_Driver/Src/stm32f4xx_hal_gpio.o
 .debug_abbrev  0x0000000000000fc1      0x2aa ./Drivers/STM32F4xx_HAL_Driver/Src/stm32f4xx_hal_rcc.o
 .debug_abbrev  0x000000000000126b      0x26e ./Drivers/STM32F4xx_HAL_Driver/Src/stm32f4xx_hal_spi.o
 .debug_abbrev  0x00000000000014d9      0x15a ./FATFS/App/fatfs.o
 .debug_abbrev  0x0000000000001633      0x166 ./FATFS/Target/user_diskio.o
 .debug_abbrev  0x0000000000001799      0x178 ./Middlewares/Third_Party/FatFs/src/diskio.o
 .debug_abbrev  0x0000000000001911      0x271 ./Middlewares/Third_Party/FatFs/src/ff.o
 .debug_abbrev  0x0000000000001b82      0x196 ./Middlewares/Third_Party/FatFs/src/ff_gen_drv.o
 .debug_abbrev  0x0000000000001d18       0xdc ./Middlewares/Third_Party/FatFs/src/option/ccsbcs.o

.debug_aranges  0x0000000000000000      0x9c8
 .debug_aranges
                0x0000000000000000       0xa0 ./Core/Src/fatfs_sd.o
 .debug_aranges
                0x00000000000000a0       0x40 ./Core/Src/main.o
 .debug_aranges
                0x00000000000000e0       0x30 ./Core/Src/stm32f4xx_hal_msp.o
 .debug_aranges
                0x0000000000000110       0x68 ./Core/Src/stm32f4xx_it.o
 .debug_aranges
                0x0000000000000178       0x28 ./Core/Src/system_stm32f4xx.o
 .debug_aranges
                0x00000000000001a0       0x28 ./Core/Startup/startup_stm32f401retx.o
 .debug_aranges
                0x00000000000001c8       0xf0 ./Drivers/STM32F4xx_HAL_Driver/Src/stm32f4xx_hal.o
 .debug_aranges
                0x00000000000002b8      0x118 ./Drivers/STM32F4xx_HAL_Driver/Src/stm32f4xx_hal_cortex.o
 .debug_aranges
                0x00000000000003d0       0x58 ./Drivers/STM32F4xx_HAL_Driver/Src/stm32f4xx_hal_gpio.o
 .debug_aranges
                0x0000000000000428       0x88 ./Drivers/STM32F4xx_HAL_Driver/Src/stm32f4xx_hal_rcc.o
 .debug_aranges
                0x00000000000004b0      0x1d0 ./Drivers/STM32F4xx_HAL_Driver/Src/stm32f4xx_hal_spi.o
 .debug_aranges
                0x0000000000000680       0x28 ./FATFS/App/fatfs.o
 .debug_aranges
                0x00000000000006a8       0x40 ./FATFS/Target/user_diskio.o
 .debug_aranges
                0x00000000000006e8       0x48 ./Middlewares/Third_Party/FatFs/src/diskio.o
 .debug_aranges
                0x0000000000000730      0x230 ./Middlewares/Third_Party/FatFs/src/ff.o
 .debug_aranges
                0x0000000000000960       0x40 ./Middlewares/Third_Party/FatFs/src/ff_gen_drv.o
 .debug_aranges
                0x00000000000009a0       0x28 ./Middlewares/Third_Party/FatFs/src/option/ccsbcs.o

.debug_ranges   0x0000000000000000      0x8c0
 .debug_ranges  0x0000000000000000       0x90 ./Core/Src/fatfs_sd.o
 .debug_ranges  0x0000000000000090       0x30 ./Core/Src/main.o
 .debug_ranges  0x00000000000000c0       0x20 ./Core/Src/stm32f4xx_hal_msp.o
 .debug_ranges  0x00000000000000e0       0x58 ./Core/Src/stm32f4xx_it.o
 .debug_ranges  0x0000000000000138       0x18 ./Core/Src/system_stm32f4xx.o
 .debug_ranges  0x0000000000000150       0x20 ./Core/Startup/startup_stm32f401retx.o
 .debug_ranges  0x0000000000000170       0xe0 ./Drivers/STM32F4xx_HAL_Driver/Src/stm32f4xx_hal.o
 .debug_ranges  0x0000000000000250      0x108 ./Drivers/STM32F4xx_HAL_Driver/Src/stm32f4xx_hal_cortex.o
 .debug_ranges  0x0000000000000358       0x48 ./Drivers/STM32F4xx_HAL_Driver/Src/stm32f4xx_hal_gpio.o
 .debug_ranges  0x00000000000003a0       0x78 ./Drivers/STM32F4xx_HAL_Driver/Src/stm32f4xx_hal_rcc.o
 .debug_ranges  0x0000000000000418      0x1c0 ./Drivers/STM32F4xx_HAL_Driver/Src/stm32f4xx_hal_spi.o
 .debug_ranges  0x00000000000005d8       0x18 ./FATFS/App/fatfs.o
 .debug_ranges  0x00000000000005f0       0x30 ./FATFS/Target/user_diskio.o
 .debug_ranges  0x0000000000000620       0x38 ./Middlewares/Third_Party/FatFs/src/diskio.o
 .debug_ranges  0x0000000000000658      0x220 ./Middlewares/Third_Party/FatFs/src/ff.o
 .debug_ranges  0x0000000000000878       0x30 ./Middlewares/Third_Party/FatFs/src/ff_gen_drv.o
 .debug_ranges  0x00000000000008a8       0x18 ./Middlewares/Third_Party/FatFs/src/option/ccsbcs.o

.debug_macro    0x0000000000000000    0x16b30
 .debug_macro   0x0000000000000000      0x1f9 ./Core/Src/fatfs_sd.o
 .debug_macro   0x00000000000001f9      0xa78 ./Core/Src/fatfs_sd.o
 .debug_macro   0x0000000000000c71      0x295 ./Core/Src/fatfs_sd.o
 .debug_macro   0x0000000000000f06       0x2e ./Core/Src/fatfs_sd.o
 .debug_macro   0x0000000000000f34       0x28 ./Core/Src/fatfs_sd.o
 .debug_macro   0x0000000000000f5c       0x22 ./Core/Src/fatfs_sd.o
 .debug_macro   0x0000000000000f7e       0x8e ./Core/Src/fatfs_sd.o
 .debug_macro   0x000000000000100c       0x51 ./Core/Src/fatfs_sd.o
 .debug_macro   0x000000000000105d      0x103 ./Core/Src/fatfs_sd.o
 .debug_macro   0x0000000000001160       0x6a ./Core/Src/fatfs_sd.o
 .debug_macro   0x00000000000011ca      0x1df ./Core/Src/fatfs_sd.o
 .debug_macro   0x00000000000013a9       0x1c ./Core/Src/fatfs_sd.o
 .debug_macro   0x00000000000013c5       0x22 ./Core/Src/fatfs_sd.o
 .debug_macro   0x00000000000013e7       0xd9 ./Core/Src/fatfs_sd.o
 .debug_macro   0x00000000000014c0     0x102d ./Core/Src/fatfs_sd.o
 .debug_macro   0x00000000000024ed      0x11f ./Core/Src/fatfs_sd.o
 .debug_macro   0x000000000000260c     0xb86c ./Core/Src/fatfs_sd.o
 .debug_macro   0x000000000000de78       0x6d ./Core/Src/fatfs_sd.o
 .debug_macro   0x000000000000dee5     0x367e ./Core/Src/fatfs_sd.o
 .debug_macro   0x0000000000011563      0x174 ./Core/Src/fatfs_sd.o
 .debug_macro   0x00000000000116d7       0x5c ./Core/Src/fatfs_sd.o
 .debug_macro   0x0000000000011733      0x416 ./Core/Src/fatfs_sd.o
 .debug_macro   0x0000000000011b49      0x9fe ./Core/Src/fatfs_sd.o
 .debug_macro   0x0000000000012547      0x115 ./Core/Src/fatfs_sd.o
 .debug_macro   0x000000000001265c       0xf8 ./Core/Src/fatfs_sd.o
 .debug_macro   0x0000000000012754       0xa5 ./Core/Src/fatfs_sd.o
 .debug_macro   0x00000000000127f9      0x15f ./Core/Src/fatfs_sd.o
 .debug_macro   0x0000000000012958      0x287 ./Core/Src/fatfs_sd.o
 .debug_macro   0x0000000000012bdf       0x5f ./Core/Src/fatfs_sd.o
 .debug_macro   0x0000000000012c3e      0x236 ./Core/Src/fatfs_sd.o
 .debug_macro   0x0000000000012e74      0x132 ./Core/Src/fatfs_sd.o
 .debug_macro   0x0000000000012fa6      0x264 ./Core/Src/fatfs_sd.o
 .debug_macro   0x000000000001320a       0x2e ./Core/Src/fatfs_sd.o
 .debug_macro   0x0000000000013238      0x11a ./Core/Src/fatfs_sd.o
 .debug_macro   0x0000000000013352       0x85 ./Core/Src/fatfs_sd.o
 .debug_macro   0x00000000000133d7       0x89 ./Core/Src/fatfs_sd.o
 .debug_macro   0x0000000000013460      0x225 ./Core/Src/fatfs_sd.o
 .debug_macro   0x0000000000013685      0x126 ./Core/Src/fatfs_sd.o
 .debug_macro   0x00000000000137ab       0x16 ./Core/Src/fatfs_sd.o
 .debug_macro   0x00000000000137c1       0x7c ./Core/Src/fatfs_sd.o
 .debug_macro   0x000000000001383d       0x70 ./Core/Src/fatfs_sd.o
 .debug_macro   0x00000000000138ad      0x31c ./Core/Src/main.o
 .debug_macro   0x0000000000013bc9       0xeb ./Core/Src/main.o
 .debug_macro   0x0000000000013cb4       0x1e ./Core/Src/main.o
 .debug_macro   0x0000000000013cd2       0x52 ./Core/Src/main.o
 .debug_macro   0x0000000000013d24       0x3c ./Core/Src/main.o
 .debug_macro   0x0000000000013d60       0x34 ./Core/Src/main.o
 .debug_macro   0x0000000000013d94       0x16 ./Core/Src/main.o
 .debug_macro   0x0000000000013daa       0x35 ./Core/Src/main.o
 .debug_macro   0x0000000000013ddf       0x16 ./Core/Src/main.o
 .debug_macro   0x0000000000013df5       0x43 ./Core/Src/main.o
 .debug_macro   0x0000000000013e38       0x34 ./Core/Src/main.o
 .debug_macro   0x0000000000013e6c       0x10 ./Core/Src/main.o
 .debug_macro   0x0000000000013e7c       0x58 ./Core/Src/main.o
 .debug_macro   0x0000000000013ed4       0x71 ./Core/Src/main.o
 .debug_macro   0x0000000000013f45       0x1c ./Core/Src/main.o
 .debug_macro   0x0000000000013f61      0x12a ./Core/Src/main.o
 .debug_macro   0x000000000001408b      0x341 ./Core/Src/main.o
 .debug_macro   0x00000000000143cc       0x16 ./Core/Src/main.o
 .debug_macro   0x00000000000143e2       0x29 ./Core/Src/main.o
 .debug_macro   0x000000000001440b       0x12 ./Core/Src/main.o
 .debug_macro   0x000000000001441d       0xe2 ./Core/Src/main.o
 .debug_macro   0x00000000000144ff       0x8e ./Core/Src/main.o
 .debug_macro   0x000000000001458d       0x16 ./Core/Src/main.o
 .debug_macro   0x00000000000145a3       0x20 ./Core/Src/main.o
 .debug_macro   0x00000000000145c3      0x1c4 ./Core/Src/stm32f4xx_hal_msp.o
 .debug_macro   0x0000000000014787      0x1ce ./Core/Src/stm32f4xx_it.o
 .debug_macro   0x0000000000014955      0x1ba ./Core/Src/system_stm32f4xx.o
 .debug_macro   0x0000000000014b0f      0x21a ./Drivers/STM32F4xx_HAL_Driver/Src/stm32f4xx_hal.o
 .debug_macro   0x0000000000014d29      0x1ba ./Drivers/STM32F4xx_HAL_Driver/Src/stm32f4xx_hal_cortex.o
 .debug_macro   0x0000000000014ee3      0x1c0 ./Drivers/STM32F4xx_HAL_Driver/Src/stm32f4xx_hal_gpio.o
 .debug_macro   0x00000000000150a3      0x1de ./Drivers/STM32F4xx_HAL_Driver/Src/stm32f4xx_hal_rcc.o
 .debug_macro   0x0000000000015281      0x1c9 ./Drivers/STM32F4xx_HAL_Driver/Src/stm32f4xx_hal_spi.o
 .debug_macro   0x000000000001544a      0x2e9 ./FATFS/App/fatfs.o
 .debug_macro   0x0000000000015733       0xe5 ./FATFS/App/fatfs.o
 .debug_macro   0x0000000000015818      0x306 ./FATFS/Target/user_diskio.o
 .debug_macro   0x0000000000015b1e       0x10 ./FATFS/Target/user_diskio.o
 .debug_macro   0x0000000000015b2e       0x56 ./FATFS/Target/user_diskio.o
 .debug_macro   0x0000000000015b84      0x2d6 ./Middlewares/Third_Party/FatFs/src/diskio.o
 .debug_macro   0x0000000000015e5a      0x6e4 ./Middlewares/Third_Party/FatFs/src/ff.o
 .debug_macro   0x000000000001653e       0x58 ./Middlewares/Third_Party/FatFs/src/ff.o
 .debug_macro   0x0000000000016596      0x2d6 ./Middlewares/Third_Party/FatFs/src/ff_gen_drv.o
 .debug_macro   0x000000000001686c      0x2c4 ./Middlewares/Third_Party/FatFs/src/option/ccsbcs.o

.debug_line     0x0000000000000000     0xe2ae
 .debug_line    0x0000000000000000      0xd78 ./Core/Src/fatfs_sd.o
 .debug_line    0x0000000000000d78      0xa16 ./Core/Src/main.o
 .debug_line    0x000000000000178e      0x70a ./Core/Src/stm32f4xx_hal_msp.o
 .debug_line    0x0000000000001e98      0x7b3 ./Core/Src/stm32f4xx_it.o
 .debug_line    0x000000000000264b      0x73f ./Core/Src/system_stm32f4xx.o
 .debug_line    0x0000000000002d8a       0x88 ./Core/Startup/startup_stm32f401retx.o
 .debug_line    0x0000000000002e12      0x9a5 ./Drivers/STM32F4xx_HAL_Driver/Src/stm32f4xx_hal.o
 .debug_line    0x00000000000037b7      0xc54 ./Drivers/STM32F4xx_HAL_Driver/Src/stm32f4xx_hal_cortex.o
 .debug_line    0x000000000000440b      0xadd ./Drivers/STM32F4xx_HAL_Driver/Src/stm32f4xx_hal_gpio.o
 .debug_line    0x0000000000004ee8      0xd21 ./Drivers/STM32F4xx_HAL_Driver/Src/stm32f4xx_hal_rcc.o
 .debug_line    0x0000000000005c09     0x1c2f ./Drivers/STM32F4xx_HAL_Driver/Src/stm32f4xx_hal_spi.o
 .debug_line    0x0000000000007838      0x8b5 ./FATFS/App/fatfs.o
 .debug_line    0x00000000000080ed      0x90e ./FATFS/Target/user_diskio.o
 .debug_line    0x00000000000089fb      0x924 ./Middlewares/Third_Party/FatFs/src/diskio.o
 .debug_line    0x000000000000931f     0x3ccb ./Middlewares/Third_Party/FatFs/src/ff.o
 .debug_line    0x000000000000cfea      0x942 ./Middlewares/Third_Party/FatFs/src/ff_gen_drv.o
 .debug_line    0x000000000000d92c      0x982 ./Middlewares/Third_Party/FatFs/src/option/ccsbcs.o

.debug_str      0x0000000000000000    0x84f11
 .debug_str     0x0000000000000000    0x7eb0e ./Core/Src/fatfs_sd.o
                                      0x7ee12 (size before relaxing)
 .debug_str     0x000000000007eb0e     0x3919 ./Core/Src/main.o
                                      0x8254b (size before relaxing)
 .debug_str     0x0000000000082427       0x63 ./Core/Src/stm32f4xx_hal_msp.o
                                      0x7eaa8 (size before relaxing)
 .debug_str     0x000000000008248a       0xe2 ./Core/Src/stm32f4xx_it.o
                                      0x7e55a (size before relaxing)
 .debug_str     0x000000000008256c       0xdb ./Core/Src/system_stm32f4xx.o
                                      0x7e65d (size before relaxing)
 .debug_str     0x0000000000082647       0x36 ./Core/Startup/startup_stm32f401retx.o
                                         0x75 (size before relaxing)
 .debug_str     0x000000000008267d      0x9ae ./Drivers/STM32F4xx_HAL_Driver/Src/stm32f4xx_hal.o
                                      0x7f07f (size before relaxing)
 .debug_str     0x000000000008302b      0x354 ./Drivers/STM32F4xx_HAL_Driver/Src/stm32f4xx_hal_cortex.o
                                      0x7eda0 (size before relaxing)
 .debug_str     0x000000000008337f      0x121 ./Drivers/STM32F4xx_HAL_Driver/Src/stm32f4xx_hal_gpio.o
                                      0x7e7d8 (size before relaxing)
 .debug_str     0x00000000000834a0      0x233 ./Drivers/STM32F4xx_HAL_Driver/Src/stm32f4xx_hal_rcc.o
                                      0x7ea91 (size before relaxing)
 .debug_str     0x00000000000836d3      0x563 ./Drivers/STM32F4xx_HAL_Driver/Src/stm32f4xx_hal_spi.o
                                      0x7ef0f (size before relaxing)
 .debug_str     0x0000000000083c36       0x74 ./FATFS/App/fatfs.o
                                      0x81b1d (size before relaxing)
 .debug_str     0x0000000000083caa       0x5a ./FATFS/Target/user_diskio.o
                                      0x81ad3 (size before relaxing)
 .debug_str     0x0000000000083d04       0x52 ./Middlewares/Third_Party/FatFs/src/diskio.o
                                      0x81a19 (size before relaxing)
 .debug_str     0x0000000000083d56     0x10e1 ./Middlewares/Third_Party/FatFs/src/ff.o
                                      0x82d20 (size before relaxing)
 .debug_str     0x0000000000084e37       0x91 ./Middlewares/Third_Party/FatFs/src/ff_gen_drv.o
                                      0x81a6a (size before relaxing)
 .debug_str     0x0000000000084ec8       0x49 ./Middlewares/Third_Party/FatFs/src/option/ccsbcs.o
                                      0x817ee (size before relaxing)

.comment        0x0000000000000000       0x50
 .comment       0x0000000000000000       0x50 ./Core/Src/fatfs_sd.o
                                         0x51 (size before relaxing)
 .comment       0x0000000000000050       0x51 ./Core/Src/main.o
 .comment       0x0000000000000050       0x51 ./Core/Src/stm32f4xx_hal_msp.o
 .comment       0x0000000000000050       0x51 ./Core/Src/stm32f4xx_it.o
 .comment       0x0000000000000050       0x51 ./Core/Src/system_stm32f4xx.o
 .comment       0x0000000000000050       0x51 ./Drivers/STM32F4xx_HAL_Driver/Src/stm32f4xx_hal.o
 .comment       0x0000000000000050       0x51 ./Drivers/STM32F4xx_HAL_Driver/Src/stm32f4xx_hal_cortex.o
 .comment       0x0000000000000050       0x51 ./Drivers/STM32F4xx_HAL_Driver/Src/stm32f4xx_hal_gpio.o
 .comment       0x0000000000000050       0x51 ./Drivers/STM32F4xx_HAL_Driver/Src/stm32f4xx_hal_rcc.o
 .comment       0x0000000000000050       0x51 ./Drivers/STM32F4xx_HAL_Driver/Src/stm32f4xx_hal_spi.o
 .comment       0x0000000000000050       0x51 ./FATFS/App/fatfs.o
 .comment       0x0000000000000050       0x51 ./FATFS/Target/user_diskio.o
 .comment       0x0000000000000050       0x51 ./Middlewares/Third_Party/FatFs/src/diskio.o
 .comment       0x0000000000000050       0x51 ./Middlewares/Third_Party/FatFs/src/ff.o
 .comment       0x0000000000000050       0x51 ./Middlewares/Third_Party/FatFs/src/ff_gen_drv.o
 .comment       0x0000000000000050       0x51 ./Middlewares/Third_Party/FatFs/src/option/ccsbcs.o

.debug_frame    0x0000000000000000     0x275c
 .debug_frame   0x0000000000000000      0x268 ./Core/Src/fatfs_sd.o
 .debug_frame   0x0000000000000268       0xac ./Core/Src/main.o
 .debug_frame   0x0000000000000314       0x80 ./Core/Src/stm32f4xx_hal_msp.o
 .debug_frame   0x0000000000000394      0x124 ./Core/Src/stm32f4xx_it.o
 .debug_frame   0x00000000000004b8       0x58 ./Core/Src/system_stm32f4xx.o
 .debug_frame   0x0000000000000510      0x374 ./Drivers/STM32F4xx_HAL_Driver/Src/stm32f4xx_hal.o
 .debug_frame   0x0000000000000884      0x498 ./Drivers/STM32F4xx_HAL_Driver/Src/stm32f4xx_hal_cortex.o
 .debug_frame   0x0000000000000d1c      0x14c ./Drivers/STM32F4xx_HAL_Driver/Src/stm32f4xx_hal_gpio.o
 .debug_frame   0x0000000000000e68      0x1f4 ./Drivers/STM32F4xx_HAL_Driver/Src/stm32f4xx_hal_rcc.o
 .debug_frame   0x000000000000105c      0x824 ./Drivers/STM32F4xx_HAL_Driver/Src/stm32f4xx_hal_spi.o
 .debug_frame   0x0000000000001880       0x4c ./FATFS/App/fatfs.o
 .debug_frame   0x00000000000018cc       0xc4 ./FATFS/Target/user_diskio.o
 .debug_frame   0x0000000000001990       0xec ./Middlewares/Third_Party/FatFs/src/diskio.o
 .debug_frame   0x0000000000001a7c      0xa0c ./Middlewares/Third_Party/FatFs/src/ff.o
 .debug_frame   0x0000000000002488       0xc8 ./Middlewares/Third_Party/FatFs/src/ff_gen_drv.o
 .debug_frame   0x0000000000002550       0x60 ./Middlewares/Third_Party/FatFs/src/option/ccsbcs.o
 .debug_frame   0x00000000000025b0       0x2c /Applications/STM32CubeIDE.app/Contents/Eclipse/plugins/com.st.stm32cube.ide.mcu.externaltools.gnu-tools-for-stm32.10.3-2021.10.macos64_1.0.100.202210260954/tools/bin/../lib/gcc/arm-none-eabi/10.3.1/../../../../arm-none-eabi/lib/thumb/v7e-m+fp/hard/libc_nano.a(lib_a-init.o)
 .debug_frame   0x00000000000025dc       0x20 /Applications/STM32CubeIDE.app/Contents/Eclipse/plugins/com.st.stm32cube.ide.mcu.externaltools.gnu-tools-for-stm32.10.3-2021.10.macos64_1.0.100.202210260954/tools/bin/../lib/gcc/arm-none-eabi/10.3.1/../../../../arm-none-eabi/lib/thumb/v7e-m+fp/hard/libc_nano.a(lib_a-memset.o)
 .debug_frame   0x00000000000025fc       0x30 /Applications/STM32CubeIDE.app/Contents/Eclipse/plugins/com.st.stm32cube.ide.mcu.externaltools.gnu-tools-for-stm32.10.3-2021.10.macos64_1.0.100.202210260954/tools/bin/../lib/gcc/arm-none-eabi/10.3.1/thumb/v7e-m+fp/hard/libgcc.a(_arm_muldf3.o)
 .debug_frame   0x000000000000262c       0xac /Applications/STM32CubeIDE.app/Contents/Eclipse/plugins/com.st.stm32cube.ide.mcu.externaltools.gnu-tools-for-stm32.10.3-2021.10.macos64_1.0.100.202210260954/tools/bin/../lib/gcc/arm-none-eabi/10.3.1/thumb/v7e-m+fp/hard/libgcc.a(_arm_addsubdf3.o)
 .debug_frame   0x00000000000026d8       0x24 /Applications/STM32CubeIDE.app/Contents/Eclipse/plugins/com.st.stm32cube.ide.mcu.externaltools.gnu-tools-for-stm32.10.3-2021.10.macos64_1.0.100.202210260954/tools/bin/../lib/gcc/arm-none-eabi/10.3.1/thumb/v7e-m+fp/hard/libgcc.a(_arm_fixunsdfsi.o)
 .debug_frame   0x00000000000026fc       0x2c /Applications/STM32CubeIDE.app/Contents/Eclipse/plugins/com.st.stm32cube.ide.mcu.externaltools.gnu-tools-for-stm32.10.3-2021.10.macos64_1.0.100.202210260954/tools/bin/../lib/gcc/arm-none-eabi/10.3.1/thumb/v7e-m+fp/hard/libgcc.a(_aeabi_uldivmod.o)
 .debug_frame   0x0000000000002728       0x34 /Applications/STM32CubeIDE.app/Contents/Eclipse/plugins/com.st.stm32cube.ide.mcu.externaltools.gnu-tools-for-stm32.10.3-2021.10.macos64_1.0.100.202210260954/tools/bin/../lib/gcc/arm-none-eabi/10.3.1/thumb/v7e-m+fp/hard/libgcc.a(_udivmoddi4.o)
